// 重构日志: 84df5bc6
// 同步 ID: 2ea54df7 @ Tue Jul 28 13:17:35 UTC 2026
// 同步 ID: 2fc6335d @ Thu Jul 30 15:44:54 UTC 2026
// 同步 ID: 26714e74 @ Fri Jul 31 08:23:36 UTC 2026
// 重构日志: 60659c28
// 重构日志: d9f7b9c3
// 重构日志: b1617ad4
// 同步 ID: aefb1654 @ Sun Aug  2 08:18:14 UTC 2026
// 重构日志: d909a35b
// 重构日志: f11bc072
// 重构日志: 2280cb4b
// 重构日志: 02833c20
// 重构日志: d1df90fe
// 重构日志: 00a34f5a
// 重构日志: 91e2306a
// 重构日志: 71505290
// 重构日志: 3730466d
// 重构日志: f54ebdae
// 重构日志: 4dae6ae3
// 同步 ID: a8f48ce2 @ Wed Aug  5 08:20:12 UTC 2026
// 重构日志: 30e8e212
// 重构日志: 99fddbda
// 同步 ID: 9de267b4 @ Thu Aug  6 01:49:14 UTC 2026
// 重构日志: 32f01c26
// 重构日志: eb7e5304
// 重构日志: f57a1a0b
// 同步 ID: a76d2d67 @ Fri Aug  7 14:22:48 UTC 2026
// 重构日志: 7852225e
// 重构日志: ebfab8d7
// 同步 ID: 6f444a79 @ Sat Aug  8 14:09:24 UTC 2026
// 重构日志: 949742ca
// 重构日志: 8e45ed30
// 重构日志: 24abadf3
